{
  "name": "Heavy Truncation Scenario",
  "description": "Election with many incomplete ballots that exhaust before finding next preference",
  "seats": 2,
  "candidates": [
    {"id": 1, "name": "Winner1"},
    {"id": 2, "name": "Winner2"},
    {"id": 3, "name": "Eliminated"},
    {"id": 4, "name": "LastPlace"}
  ],
  "ballots": [
    {"id": "B001", "ranks": [1, 2, null, null]},
    {"id": "B002", "ranks": [1, 2, null, null]},
    {"id": "B003", "ranks": [1, 2, null, null]},
    {"id": "B004", "ranks": [2, 1, null, null]},
    {"id": "B005", "ranks": [2, 1, null, null]},
    {"id": "B006", "ranks": [3, null, null, null]},
    {"id": "B007", "ranks": [3, null, null, null]},
    {"id": "B008", "ranks": [3, null, null, null]},
    {"id": "B009", "ranks": [4, 3, null, null]},
    {"id": "B010", "ranks": [4, null, null, null]}
  ],
  "total_ballots": 10,
  "hand_computed_results": {
    "quota": 4,
    "quota_calculation": "floor(10 / (2 + 1)) + 1 = floor(3.33) + 1 = 4",
    "round_1": {
      "first_choice_counts": {
        "1": 3,
        "2": 2,
        "3": 3,
        "4": 2
      },
      "no_winners": true,
      "eliminated": [2, 4],
      "note": "Tie for lowest between Winner2 and LastPlace - eliminate both"
    },
    "round_2": {
      "transfers": {
        "from_winner2": {
          "1": 2,
          "note": "Both Winner2 ballots transfer to Winner1 (2nd choice)"
        },
        "from_lastplace": {
          "3": 1,
          "exhausted": 1,
          "note": "1 LastPlace ballot transfers to Eliminated, 1 exhausts (no 2nd choice)"
        }
      },
      "continuing_totals": {
        "1": 5,
        "3": 4
      },
      "winners": [1],
      "winner1_surplus": 1,
      "note": "Winner1 exceeds quota, Eliminated reaches quota exactly"
    },
    "round_3": {
      "transfers_from_winner1": {
        "3": 0.2,
        "note": "Winner1 surplus of 1 vote transfers proportionally: 1/5 of total votes go to Eliminated"
      },
      "final_totals": {
        "3": 4.2
      },
      "winners": [3],
      "note": "Eliminated becomes second winner"
    },
    "final_winners": [1, 3],
    "final_winners_names": ["Winner1", "Eliminated"],
    "exhausted_ballots": 1,
    "exhaustion_rate": 0.1,
    "key_insight": "10% of ballots exhausted due to incomplete rankings, affecting final vote distribution"
  }
}
